language ESSENCE' 1.0

letting var1_PartitionAsSet_ExplicitVarSizeWithMarker_Marker be 1
letting var1_PartitionAsSet_ExplicitVarSizeWithMarker_Values_Occurrence be
        [[true, true, true; int(0..2)], [false, false, false; int(0..2)], [false, false, false; int(0..2)],
         [false, false, false; int(0..2)], [false, false, false; int(0..2)], [false, false, false; int(0..2)],
         [false, false, false; int(0..2)], [false, false, false; int(0..2)];
             int(1..8)]
$ Visualisation for var1_PartitionAsSet_ExplicitVarSizeWithMarker_Values_Occurrence
$ T T T
$ _ _ _
$ _ _ _
$ _ _ _
$ _ _ _
$ _ _ _
$ _ _ _
$ _ _ _

letting var2_ExplicitVarSizeWithMarker_Marker be 0
letting var2_ExplicitVarSizeWithMarker_Values_Function1DPartial_Flags be
        [[false, false; bool], [false, false; bool], [false, false; bool], [false, false; bool]; int(1..4)]
$ Visualisation for var2_ExplicitVarSizeWithMarker_Values_Function1DPartial_Flags
$ _ _
$ _ _
$ _ _
$ _ _

letting var2_ExplicitVarSizeWithMarker_Values_Function1DPartial_Values be
        [[5, 5; bool], [5, 5; bool], [5, 5; bool], [5, 5; bool]; int(1..4)]
$ Visualisation for var2_ExplicitVarSizeWithMarker_Values_Function1DPartial_Values
$ 5 5
$ 5 5
$ 5 5
$ 5 5

letting var3 be true
