Conjure is exiting due to user errors.
Error:
    In a 'such that' statement: apart({3}, partition({5}) - partition({5}))
    Error:
        When type checking: partition({5}) - partition({5})
        Arguments expected to be one of these types: int, set of ?, mset of ?,
                                                     function ? --> ?, relation of (?)
        lhs        : partition({5})
        type of lhs: partition from int
        rhs        : partition({5})
        type of rhs: partition from int