language Essence 1.4

find m: matrix indexed by [int(1..3), int(1..2)] of set of bool
find act: bool
find nSize: int(1)
neighbourhood removeElem : (act, nSize, [m[1, 2], m[2, 1], m[2, 2]])
such that act -> or([incumbent(m[2, 1]) = m[2, 2] - {i} | i <- m[1, 2]])
