language ESSENCE' 1.0

letting given1_PartitionAsSet_ExplicitVarSizeWithMarkerR6_Marker be 1
letting given1_PartitionAsSet_ExplicitVarSizeWithMarkerR6_Values_ExplicitVarSizeWithDummy be
        [[0, 1, 2, 3, 3; int(1..5)], [3, 3, 3, 3, 3; int(1..5)], [3, 3, 3, 3, 3; int(1..5)], [3, 3, 3, 3, 3; int(1..5)],
         [3, 3, 3, 3, 3; int(1..5)], [3, 3, 3, 3, 3; int(1..5)], [3, 3, 3, 3, 3; int(1..5)], [3, 3, 3, 3, 3; int(1..5)];
             int(1..8)]
$ Visualisation for given1_PartitionAsSet_ExplicitVarSizeWithMarkerR6_Values_ExplicitVarSizeWithDummy
$ 0 1 2 3 3
$ 3 3 3 3 3
$ 3 3 3 3 3
$ 3 3 3 3 3
$ 3 3 3 3 3
$ 3 3 3 3 3
$ 3 3 3 3 3
$ 3 3 3 3 3

