language Essence 1.3

letting given1 be partition()
letting given2 be mset(tuple (false), tuple (false), tuple (false), tuple (false), tuple (false))
$ Visualisation for given2
$ _
$ _
$ _
$ _
$ _

letting given3 be [(true, false), (false, true), (false, false), (true, false), (true, false); int(1..5)]
$ Visualisation for given3
$ T _
$ _ T
$ _ _
$ T _
$ T _

