Conjure is exiting due to user errors.
Error: Undefined reference to a domain: E