Error:
    In a 'such that' statement: together({false}, partition({false}) - partition({false}))
    Error:
        When type checking: partition({false}) - partition({false})
        Arguments expected to be one of these types: int, set of ?, mset of ?, function ? --> ?, relation of (?)
        lhs        : partition({false})
        type of lhs: partition from bool
        rhs        : partition({false})
        type of rhs: partition from bool