Conjure is exiting due to user errors.
Error:
    Invalid heuristic: magic
    Allowed values are: static, sdf, conflict, srf, ldf, wdeg, domoverwdeg