Conjure is exiting due to user errors.
Error:
    In a 'such that' statement:
        image(function(partition({false}, {true, false}) --> !false,
                       partition({true}, {true, false, true, false}, {false, false}) --> !false,
                       partition({false}, {true, false, false, false}, {true, false}, {true}) --> true = false,
                       partition({false}, {true, false}, {true}, {true, true}, {false, false, false}) --> true),
              partition({true, false, true}) - (partition() : `partition from bool`))
    Error:
        When type checking: partition({true, false, true}) - (partition() : `partition from bool`)
        Arguments expected to be one of these types: int, set of ?, mset of ?, function ? --> ?, relation of (?)
        lhs        : partition({true, false, true})
        type of lhs: partition from bool
        rhs        : (partition() : `partition from bool`)
        type of rhs: partition from bool