Error:
    In a 'such that' statement:
        image(function((partition() : `partition from bool`) --> false -> true),
              (partition() : `partition from bool`) -
              partition({false, false}, {false}, {true, false}, {true}, {true, false, true}))
    Error:
        When type checking: (partition() : `partition from bool`) -
                            partition({false, false}, {false}, {true, false}, {true}, {true, false, true})
        Arguments expected to be one of these types: int, set of ?, mset of ?, function ? --> ?, relation of (?)
        lhs        : (partition() : `partition from bool`)
        type of lhs: partition from bool
        rhs        : partition({false, false}, {false}, {true, false}, {true}, {true, false, true})
        type of rhs: partition from bool