Error:
    In a 'such that' statement:
        (partition() : `partition from bool`) -
        partition({false, false, true}, {false, true, false, true, false}, {false})
        in
        {partition({true, true, false, true, true}),
         partition({true, true, true, false, true}, {false, true, false, false})}
    Error:
        When type checking: (partition() : `partition from bool`) -
                            partition({false, false, true}, {false, true, false, true, false}, {false})
        Arguments expected to be one of these types: int, set of ?, mset of ?, function ? --> ?, relation of (?)
        lhs        : (partition() : `partition from bool`)
        type of lhs: partition from bool
        rhs        : partition({false, false, true}, {false, true, false, true, false}, {false})
        type of rhs: partition from bool