language Essence 1.3

find x: function (total) tuple (int(0..9)) --> tuple (int(10..20))

