Conjure is exiting due to user errors.
Error:
    tests/parse_print/random_perturb/set01/change-06/change-06.essence:1:10:
language name has to be Essence, but given: Essencx
    language Essencx 1.3
          ^^^^^^^