language ESSENCE' 1.0

letting given1_PartitionAsSet_ExplicitVarSizeWithMarkerR2_Marker be 2
letting given1_PartitionAsSet_ExplicitVarSizeWithMarkerR2_Values_Occurrence be
        [[true, false; int(4..5)], [false, true; int(4..5)], [false, false; int(4..5)], [false, false; int(4..5)];
             int(1..4)]
$ Visualisation for given1_PartitionAsSet_ExplicitVarSizeWithMarkerR2_Values_Occurrence
$ T _
$ _ T
$ _ _
$ _ _

letting given2 be [1, 1; int(2, 5)]
