Conjure is exiting due to user errors.
Error:
    In a 'such that' statement: (partition() : `partition from bool`) = partition({true}) - partition({false})
    Error:
        When type checking: partition({true}) - partition({false})
        Arguments expected to be one of these types: int, set of ?, mset of ?, function ? --> ?, relation of (?)
        lhs        : partition({true})
        type of lhs: partition from bool
        rhs        : partition({false})
        type of rhs: partition from bool