language Essence 1.4

given s: int
given nums: set of int
find x: set (minSize 1, maxSize |nums|) of int([i | i <- nums])
such that
    x subsetEq nums,
    s = sum([i | i <- x])
neighbourhood removeElem :
    (n : int(1), or([incumbent(x) = x - {i} | i <- x]), [x])
neighbourhood addElem :
    (n : int(1), or([incumbent(x) = x union {i} | i <- x]), [x])
