language Essence 2.0

find x : int(1..9)

minimising x

such that
    x = 3
