language Essence 2.0

such that
    1 < 2,
    2 < 3
