language Essence 2.0

find x : int(0..9)
find y : int(0..9)

such that
    x = 3 * y
