language Essence 2.0

letting e be domain enum {foo, bar, baz}
find x : e
find y : e

such that
    x != y
