language Essence 2.0

find x : function int(3..7) -> int(1..6)

such that
    image(x, 4) != image(x, 6)
