language Essence 2.0

find mmt : matrix indexed by [int(1..3), int(4..6)] of tuple of (bool, int(2..6))
find mmtm : matrix indexed by [int(1..3), int(4..6)] of tuple of (bool,
                                                                  int(2..6),
                                                                  matrix indexed by [int(0..9)] of int(10..20))

such that
    mmt[1, 4, 0] = true,
    mmt[1, 4, 1] = 3,
    mmtm[1, 4, 0] = true,
    mmtm[1, 4, 1] = 3,
    mmtm[1, 4, 2, 3] = 12
