language Essence 2.0

find x : set (maxSize 4) of int(0..9)
find y : set (maxSize 4) of int(0..9)

such that
    x != y
