language Essence 2.0

find x : set (size 4) of int(0..9 - 1)
find y : set (size 4) of int(0..9 - 1)

such that
    x = y,
    3 elem x
