language Essence 2.0

find x : set (size 6) of set (size 4) of int(0..9)
find y : set (size 4) of int(2..7)

such that
    y elem x
