language Essence 2.0

find x : set of set of set of int(0..9)

such that
    card(x) = 2
