language Essence 2.0

find x : int(-9..9)
find y : int(-9..9)
find s1 : set of int(0..9)
find s2 : set of int(0..9)

such that
    |x| = y,
    card(s1 intersect s2) = y - x
