Conjure is exiting due to user errors.
Error:
    Infinite integer domain.
    When working on: find x: set (size 2) of int(1..)